// Jest Snapshot v1, https://goo.gl/fbAQLP

exports[`Blockchain: Cosmos authenticate create proof for cosmoshub3 1`] = `"0x3c6781b52b86c7f2202c30995333b02f16a56d4d9f310b2c952cb87a8ad2966e"`;

exports[`Blockchain: Cosmos createLink create proof for cosmoshub3 1`] = `
Object {
  "account": "cosmos1gs6gu0w9xvqcfhm3nlhnmqkf8aphnsxyjlgpqd@cosmos:cosmoshub-3",
  "message": "Create a new account link to your identity.

did:3:bafysdfwefwe",
  "signature": "eyJzaWduYXR1cmUiOiJxTDd3Y0hKQ0p5c05qMXZXM2VSVEZvTEx3ejJkQ291Vkg0aitSSmxWejJvYmZUU25HRkRwRHoyWlFqMmVqemFiWkM0aXRVNVBiNDE5N3BIcXhXeFI0QT09IiwicHViX2tleSI6eyJ0eXBlIjoidGVuZGVybWludC9QdWJLZXlTZWNwMjU2azEiLCJ2YWx1ZSI6IkE0MVhFTUx0TnhvbmhlU2FwNTg5Nzdkc0ZhSTh5VWt3NHdWSytiR3dPNElyIn19",
  "type": "eoa",
  "version": 2,
}
`;
